// Jest Snapshot v1, https://goo.gl/fbAQLP

exports[`renders well 1`] = `
<section
  className="sc-bdVaJa brgSrh"
>
  <img
    alt="Vinyl"
    className="sc-bwzfXH cxTssG"
    src="vinyl.png"
  />
</section>
`;

exports[`renders without crashing 1`] = `
<section
  className="sc-bdVaJa brgSrh"
>
  <img
    alt="Vinyl"
    className="sc-bwzfXH cxTssG"
    src="vinyl.png"
  />
</section>
`;
